Job Start
Wed Aug 26 12:27:34 AM EDT 2026
c0610a-s4.ufhpc
/home/khek.do/diamond
---
--- Starting Latent TTC Head Training ---
Training Latent TTC Predictor on device: cuda
Instantiating DIAMOND Agent...
Loading DIAMOND checkpoint from diamond_highway_mcts.pt...
DIAMOND Denoiser weights loaded successfully.
DIAMOND conditioning history steps: 4
Loading train dataset from /blue/iruchkin/khek.do/diamond_dataset_1000/train...
Loading val dataset from /blue/iruchkin/khek.do/diamond_dataset_1000/test...
Using user-specified max TTC cap: 5.00s
Loading checkpoint to resume from checkpoints/best_latent_ttc.pt...
--> Resumed from epoch 30/50 (Best Val MAE so far: 0.0065s)

Starting training from epoch 30 to 50 (100 steps/epoch) with context_len=20 frames...
Epoch 030 | Train Loss: 0.0277 | Val MAE: 0.0113s | Val RMSE: 0.0118s
Epoch 031 | Train Loss: 0.0276 | Val MAE: 0.0110s | Val RMSE: 0.0113s
Epoch 032 | Train Loss: 0.0280 | Val MAE: 0.0116s | Val RMSE: 0.0121s
Epoch 033 | Train Loss: 0.0276 | Val MAE: 0.0158s | Val RMSE: 0.0162s
Epoch 034 | Train Loss: 0.0277 | Val MAE: 0.0150s | Val RMSE: 0.0153s
Epoch 035 | Train Loss: 0.0272 | Val MAE: 0.0126s | Val RMSE: 0.0130s
Epoch 036 | Train Loss: 0.0275 | Val MAE: 0.0102s | Val RMSE: 0.0106s
Epoch 037 | Train Loss: 0.0273 | Val MAE: 0.0146s | Val RMSE: 0.0151s
Epoch 038 | Train Loss: 0.0271 | Val MAE: 0.0171s | Val RMSE: 0.0174s
Epoch 039 | Train Loss: 0.0273 | Val MAE: 0.0104s | Val RMSE: 0.0108s
Epoch 040 | Train Loss: 0.0274 | Val MAE: 0.0147s | Val RMSE: 0.0151s
Epoch 041 | Train Loss: 0.0273 | Val MAE: 0.0176s | Val RMSE: 0.0179s
Epoch 042 | Train Loss: 0.0273 | Val MAE: 0.0156s | Val RMSE: 0.0159s
Epoch 043 | Train Loss: 0.0272 | Val MAE: 0.0153s | Val RMSE: 0.0156s
Epoch 044 | Train Loss: 0.0273 | Val MAE: 0.0128s | Val RMSE: 0.0131s
Epoch 045 | Train Loss: 0.0273 | Val MAE: 0.0155s | Val RMSE: 0.0158s
Epoch 046 | Train Loss: 0.0271 | Val MAE: 0.0148s | Val RMSE: 0.0152s
Epoch 047 | Train Loss: 0.0271 | Val MAE: 0.0153s | Val RMSE: 0.0157s
Epoch 048 | Train Loss: 0.0270 | Val MAE: 0.0129s | Val RMSE: 0.0133s
Epoch 049 | Train Loss: 0.0272 | Val MAE: 0.0132s | Val RMSE: 0.0135s
Epoch 050 | Train Loss: 0.0271 | Val MAE: 0.0142s | Val RMSE: 0.0145s

Training Complete. Best Validation MAE: 0.0065s. Saved to: checkpoints/best_latent_ttc.pt
--- Running Latent TTC Evaluation ---
Evaluating DIAMOND TTC in [LATENT] mode on device: cuda
Instantiating DIAMOND Agent...
Loading DIAMOND checkpoint from diamond_highway_mcts.pt...
DIAMOND conditioning history steps: 4
Loading Latent TTC Head from checkpoints/best_latent_ttc.pt...
Latent TTC Head weights loaded successfully (use_lstm=True, max_ttc=5.00s).
Loading dataset from /blue/iruchkin/khek.do/diamond_dataset_1000/test...

Starting DIAMOND Rollout & TTC Evaluation over 10 episodes...

Episode 1/10: Evaluating 30-step horizon...
Saved episode trajectory plot to visualizations/latent_ttc_eval/episode_1_ttc_trajectory.png

Episode 2/10: Evaluating 30-step horizon...
Saved episode trajectory plot to visualizations/latent_ttc_eval/episode_2_ttc_trajectory.png

Episode 3/10: Evaluating 30-step horizon...
Saved episode trajectory plot to visualizations/latent_ttc_eval/episode_3_ttc_trajectory.png

Episode 4/10: Evaluating 30-step horizon...
Saved episode trajectory plot to visualizations/latent_ttc_eval/episode_4_ttc_trajectory.png

Episode 5/10: Evaluating 30-step horizon...
Saved episode trajectory plot to visualizations/latent_ttc_eval/episode_5_ttc_trajectory.png

Episode 6/10: Evaluating 30-step horizon...
Saved episode trajectory plot to visualizations/latent_ttc_eval/episode_6_ttc_trajectory.png

Episode 7/10: Evaluating 30-step horizon...
Saved episode trajectory plot to visualizations/latent_ttc_eval/episode_7_ttc_trajectory.png

Episode 8/10: Evaluating 30-step horizon...
Saved episode trajectory plot to visualizations/latent_ttc_eval/episode_8_ttc_trajectory.png

Episode 9/10: Evaluating 30-step horizon...
Saved episode trajectory plot to visualizations/latent_ttc_eval/episode_9_ttc_trajectory.png

Episode 10/10: Evaluating 30-step horizon...
Saved episode trajectory plot to visualizations/latent_ttc_eval/episode_10_ttc_trajectory.png

Saved Horizon Error Plot to visualizations/latent_ttc_eval/latent_ttc_horizon_error.png

DIAMOND Latent TTC Evaluation Complete!
Job End
Wed Aug 26 06:24:55 AM EDT 2026
---
